# temple9/f1: 4 x 4 screens, laid out
# by tools/build_maps.py from layout_f1.txt and blocks.txt.
# '|' separates screens and is stripped on load.
TTTTTTTTTTTTTTTTTTTT|TTTTTTTTTTTTTTTTTTTT|TTTTTTTTTTTTTTTTTTTT|TTTTTTTTTTTTTTTTTTTT
M.Y.............Y..M|M..................M|M..000.......000...M|M.RR.....RR.....RR.M
M..................M|M..,,,,,,,,,,,,,...M|M..000.......000...M|M.RR.....RR.....RR.M
M..................M|M..,............,..M|M..................M|M..................M
M..................M|M..,............,..M|M..................M|M..................M
M..................M|M..,............,..M|M..................M|M....RRR....RRR....M
M..................M|M..,............,...|...................M|M....RRR....RRR....M
M..................M|M..,............,...|...................M|M..................M
M..................M|M..,............,..M|M..................M|M..................M
M..................M|M..,,,,,,,,,,,,,,..M|M..000.......000...M|M.RR.....RR.....RR.M
M..................M|M..................M|M..000.......000...M|M.RR.....RR.....RR.M
M.Y.............Y..M|M..................M|M..................M|M..................M
MMMMMMMMM..MMMMMMMMM|MMMMMMMMM..MMMMMMMMM|MMMMMMMMMMMMMMMMMMMM|MMMMMMMMM..MMMMMMMMM
TTTTTTTTT..TTTTTTTTT|TTTTTTTTT..TTTTTTTTT|TTTTTTTTTTTTTTTTTTTT|TTTTTTTTT..TTTTTTTTT
M..................M|M..................M|M..000.......000...M|M.RR.....RR.....RR.M
M..P..........P....M|M..,,,,,,,,,,,,,...M|M..000.......000...M|M.RR.....RR.....RR.M
M..................M|M..,............,..M|M..................M|M..................M
M..................M|M..,............,..M|M..................M|M..................M
M..................M|M..,............,..M|M..................M|M....RRR....RRR....M
M...................|...,............,...|...................M|M....RRR....RRR....M
M...................|...,............,...|...................M|M..................M
M..................M|M..,............,..M|M..................M|M..................M
M..P..........P....M|M..,,,,,,,,,,,,,,..M|M..000.......000...M|M.RR.....RR.....RR.M
M..................M|M..................M|M..000.......000...M|M.RR.....RR.....RR.M
M..................M|M..................M|M..................M|M..................M
MMMMMMMMMMMMMMMMMMMM|MMMMMMMMM..MMMMMMMMM|MMMMMMMMM..MMMMMMMMM|MMMMMMMMM..MMMMMMMMM
TTTTTTTTTTTTTTTTTTTT|TTTTTTTTT..TTTTTTTTT|TTTTTTTTT..TTTTTTTTT|TTTTTTTTT..TTTTTTTTT
M..................M|M..................M|M..000.......000...M|M.RR.....RR.....RR.M
M..P..........P....M|M..,,,,,,,,,,,,,...M|M..000.......000...M|M.RR.....RR.....RR.M
M..................M|M..,............,..M|M..................M|M..................M
M..................M|M..,............,..M|M..................M|M..................M
M..................M|M..,............,..M|M..................M|M....RRR....RRR....M
M..................M|M..,............,...|....................|.....RRR....RRR....M
M..................M|M..,............,...|....................|...................M
M..................M|M..,............,..M|M..................M|M..................M
M..P..........P....M|M..,,,,,,,,,,,,,,..M|M..000.......000...M|M.RR.....RR.....RR.M
M..................M|M..................M|M..000.......000...M|M.RR.....RR.....RR.M
M..................M|M..................M|M..................M|M..................M
MMMMMMMMM..MMMMMMMMM|MMMMMMMMM..MMMMMMMMM|MMMMMMMMMMMMMMMMMMMM|MMMMMMMMM..MMMMMMMMM
TTTTTTTTT..TTTTTTTTT|TTTTTTTTT..TTTTTTTTT|TTTTTTTTTTTTTTTTTTTT|TTTTTTTTT..TTTTTTTTT
M..................M|M..................M|M.Y.............Y..M|M.RR.....RR.....RR.M
M..P..........P....M|M..,,,,,,,,,,,,,...M|M..................M|M.RR.....RR.....RR.M
M..................M|M..,............,..M|M..................M|M..................M
M..................M|M..,............,..M|M..................M|M..................M
M..................M|M..,............,..M|M..................M|M....RRR....RRR....M
M...................|...,............,..M|M...................|.....RRR....RRR....M
M...................|...,............,..M|M...................|...................M
M..................M|M..,............,..M|M..................M|M..................M
M..P..........P....M|M..,,,,,,,,,,,,,,..M|M..................M|M.RR.....RR.....RR.M
M..................M|M..................M|M..................M|M.RR.....RR.....RR.M
M..................M|M..................M|M.Y.............Y..M|M..................M
MMMMMMMMMMMMMMMMMMMM|MMMMMMMMMMMMMMMMMMMM|MMMMMMMMMMMMMMMMMMMM|MMMMMMMMMMMMMMMMMMMM
