# mists/f1: 5 x 5 screens, laid out
# by tools/build_maps.py from layout_f1.txt and blocks.txt.
# '|' separates screens and is stripped on load.
TTTTTTTTTTTTTTTTTTTT|TTTTTTTTTTTTTTTTTTTT|TTTTTTTTTTTTTTTTTTTT|TTTTTTTTTTTTTTTTTTTT|TTTTTTTTTTTTTTTTTTTT
M.Y.............Y..M|M.Y.............Y..M|M.Y.............Y..M|M..................M|M.Y.............Y..M
M..................M|M..................M|M..................M|M..wwwww..wwwww....M|M..................M
M..................M|M..................M|M..................M|M..w...w..w...w....M|M..................M
M..................M|M..................M|M..................M|M..w...w..w...w....M|M..................M
M..................M|M..................M|M..................M|M..w...w..w...w....M|M..................M
M...................|....................|....................|...w...w..w...w.....|...................M
M...................|....................|....................|...w...w..w...w.....|...................M
M..................M|M..................M|M..................M|M..wwwww..wwwww....M|M..................M
M..................M|M..................M|M..................M|M..................M|M..................M
M..................M|M..................M|M..................M|M..................M|M..................M
M.Y.............Y..M|M.Y.............Y..M|M.Y.............Y..M|M..................M|M.Y.............Y..M
MMMMMMMMM..MMMMMMMMM|MMMMMMMMM..MMMMMMMMM|MMMMMMMMM..MMMMMMMMM|MMMMMMMMM..MMMMMMMMM|MMMMMMMMM..MMMMMMMMM
TTTTTTTTT..TTTTTTTTT|TTTTTTTTT..TTTTTTTTT|TTTTTTTTT..TTTTTTTTT|TTTTTTTTT..TTTTTTTTT|TTTTTTTTT..TTTTTTTTT
M..................M|M..................M|M..................M|M.RR.....RR.....RR.M|M..o.o.o....o.o.o..M
M..~~~~~~~~~~~~~...M|M..LLLLLLLLLLLL....M|M...p.........p....M|M.RR.....RR.....RR.M|M..................M
M..~............~..M|M..L..........L....M|M..................M|M..................M|M..................M
M..~............~..M|M..L..........L....M|M..................M|M..................M|M..................M
M..~............~..M|M..L..........L....M|M..................M|M....RRR....RRR....M|M..................M
M...............~...|..............L....M|M...................|.....RRR....RRR.....|...................M
M...............~...|..............L....M|M...................|....................|...................M
M..~............~..M|M..L..........L....M|M..................M|M..................M|M..................M
M..~~~~~~~~~~~~~~..M|M..LLLLLLLLLLLL....M|M...p.........p....M|M.RR.....RR.....RR.M|M..................M
M..................M|M..................M|M..................M|M.RR.....RR.....RR.M|M..o.o.o....o.o.o..M
M..................M|M..................M|M..................M|M..................M|M..................M
MMMMMMMMM..MMMMMMMMM|MMMMMMMMM..MMMMMMMMM|MMMMMMMMM..MMMMMMMMM|MMMMMMMMM..MMMMMMMMM|MMMMMMMMM..MMMMMMMMM
TTTTTTTTT..TTTTTTTTT|TTTTTTTTT..TTTTTTTTT|TTTTTTTTT..TTTTTTTTT|TTTTTTTTT..TTTTTTTTT|TTTTTTTTT..TTTTTTTTT
M..................M|M.Y.............Y..M|M.Y.............Y..M|M..................M|M..................M
M..P..........P....M|M..................M|M..................M|M..wwwww..wwwww....M|M..,,,,,,,,,,,,,...M
M..................M|M..................M|M..................M|M..w...w..w...w....M|M..,............,..M
M..................M|M..................M|M..................M|M..w...w..w...w....M|M..,............,..M
M..................M|M..................M|M..................M|M..w...w..w...w....M|M..,............,..M
M...................|....................|....................|...w...w..w...w.....|...,............,..M
M...................|....................|....................|...w...w..w...w.....|...,............,..M
M..................M|M..................M|M..................M|M..wwwww..wwwww....M|M..,............,..M
M..P..........P....M|M..................M|M..................M|M..................M|M..,,,,,,,,,,,,,,..M
M..................M|M..................M|M..................M|M..................M|M..................M
M..................M|M.Y.............Y..M|M.Y.............Y..M|M..................M|M..................M
MMMMMMMMM..MMMMMMMMM|MMMMMMMMM..MMMMMMMMM|MMMMMMMMM..MMMMMMMMM|MMMMMMMMM..MMMMMMMMM|MMMMMMMMM..MMMMMMMMM
TTTTTTTTT..TTTTTTTTT|TTTTTTTTT..TTTTTTTTT|TTTTTTTTT..TTTTTTTTT|TTTTTTTTT..TTTTTTTTT|TTTTTTTTT..TTTTTTTTT
M..................M|M..................M|M..................M|M.RR.....RR.....RR.M|M..o.o.o....o.o.o..M
M..~~~~~~~~~~~~~...M|M..LLLLLLLLLLLL....M|M...p.........p....M|M.RR.....RR.....RR.M|M..................M
M..~............~..M|M..L..........L....M|M..................M|M..................M|M..................M
M..~............~..M|M..L..........L....M|M..................M|M..................M|M..................M
M..~............~..M|M..L..........L....M|M..................M|M....RRR....RRR....M|M..................M
M...............~...|..............L.....|....................|.....RRR....RRR.....|...................M
M...............~...|..............L.....|....................|....................|...................M
M..~............~..M|M..L..........L....M|M..................M|M..................M|M..................M
M..~~~~~~~~~~~~~~..M|M..LLLLLLLLLLLL....M|M...p.........p....M|M.RR.....RR.....RR.M|M..................M
M..................M|M..................M|M..................M|M.RR.....RR.....RR.M|M..o.o.o....o.o.o..M
M..................M|M..................M|M..................M|M..................M|M..................M
MMMMMMMMM..MMMMMMMMM|MMMMMMMMM..MMMMMMMMM|MMMMMMMMM..MMMMMMMMM|MMMMMMMMM..MMMMMMMMM|MMMMMMMMMMMMMMMMMMMM
TTTTTTTTT..TTTTTTTTT|TTTTTTTTT..TTTTTTTTT|TTTTTTTTT..TTTTTTTTT|TTTTTTTTT..TTTTTTTTT|TTTTTTTTTTTTTTTTTTTT
M..................M|M.Y.............Y..M|M.Y.............Y..M|M..................M|M..................M
M..P..........P....M|M..................M|M..................M|M..wwwww..wwwww....M|M..,,,,,,,,,,,,,...M
M..................M|M..................M|M..................M|M..w...w..w...w....M|M..,............,..M
M..................M|M..................M|M..................M|M..w...w..w...w....M|M..,............,..M
M..................M|M..................M|M..................M|M..w...w..w...w....M|M..,............,..M
M...................|....................|....................|...w...w..w...w.....|...,............,..M
M...................|....................|....................|...w...w..w...w.....|...,............,..M
M..................M|M..................M|M..................M|M..wwwww..wwwww....M|M..,............,..M
M..P..........P....M|M..................M|M..................M|M..................M|M..,,,,,,,,,,,,,,..M
M..................M|M..................M|M..................M|M..................M|M..................M
M..................M|M.Y.............Y..M|M.Y.............Y..M|M..................M|M..................M
MMMMMMMMMMMMMMMMMMMM|MMMMMMMMMMMMMMMMMMMM|MMMMMMMMMMMMMMMMMMMM|MMMMMMMMMMMMMMMMMMMM|MMMMMMMMMMMMMMMMMMMM
