# overworld/eldermoor: 16 x 16 screens, laid out
# by tools/build_maps.py from layout.txt and blocks.txt.
# '|' separates screens and is stripped on load.
CCCCCCCCCCCCCCCCCCCC|CCCCCCCCCCCCCCCCCCCC|CCCCCCCCCCCCCCCCCCCC|CCCCCCCCCCCCCCCCCCCC|CCCCCCCCCCCCCCCCCCCC|CCCCCCCCCCCCCCCCCCCC|CCCCCCCCCCCCCCCCCCCC|CCCCCCCCCCCCCCCCCCCC|CCCCCCCCCCCCCCCCCCCC|CCCCCCCCCCCCCCCCCCCC|CCCCCCCCCCCCCCCCCCCC|CCCCCCCCCCCCCCCCCCCC|CCCCCCCCCCCCCCCCCCCC|CCCCCCCCCCCCCCCCCCCC|CCCCCCCCCCCCCCCCCCCC|CCCCCCCCCCCCCCCCCCCC
CCCC....CCCCCCCCCCCC|CCCC....CCCC....CCCC|CCCC....CCCC....CCCC|CCCC....CCCC....CCCC|CCCC....CCCC....CCCC|CCCC....CCCC....CCCC|CCCC....CCCC....CCCC|CCCC....CCCC....CCCC|CCCC....CCCC....CCCC|CCCC....CCCC....CCCC|CCCC....CCCC....CCCC|CCCC....CCCC....CCCC|CCCC....CCCC....CCCC|CCCC....CCCC....CCCC|CCCC....CCCC....CCCC|CCCCCCCCCCCC....CCCC
CC..................|....................|....................|....................|....................|....................|....................|....................|....................|....................|....................|....................|....................|....................|....................|..................CC
CC.........,........|.......,............|.......,............|.......,............|.......,............|.......,............|.......,............|.......,............|.......,............|.......,............|.......,............|.......,............|.......,............|.......,............|.......,............|.........,........CC
CC..................|....................|....................|....................|....................|....................|....................|....................|....................|....................|....................|....................|....................|....................|....................|..................CC
CC....*.............|...*................|...*................|...*................|...*................|...*................|...*................|...*................|...*................|...*................|...*................|...*................|...*................|...*................|...*................|....*.............CC
CC..................|....................|....................|....................|....................|....................|....................|....................|....................|....................|....................|....................|....................|....................|....................|..................CC
CC..........,.......|..........,.........|..........,.........|..........,.........|..........,.........|..........,.........|..........,.........|..........,.........|..........,.........|..........,.........|..........,.........|..........,.........|..........,.........|..........,.........|..........,.........|.......,..........CC
CC..................|....................|....................|....................|....................|....................|....................|....................|....................|....................|....................|....................|....................|....................|....................|..................CC
CC...,..............|.....,..........*...|.....,..........*...|.....,..........*...|.....,..........*...|.....,..........*...|.....,..........*...|.....,..........*...|.....,..........*...|.....,..........*...|.....,..........*...|.....,..........*...|.....,..........*...|.....,..........*...|.....,..........*...|...........,......CC
CC..................|....................|....................|....................|....................|....................|....................|....................|....................|....................|....................|....................|....................|....................|....................|..................CC
CC.........*........|..........,.........|..........,.........|..........,.........|..........,.........|..........,.........|..........,.........|..........,.........|..........,.........|..........,.........|..........,.........|..........,.........|..........,.........|..........,.........|..........,.........|.....*............CC
CC..................|....................|....................|....................|....................|....................|....................|....................|....................|....................|....................|....................|....................|....................|....................|..................CC
CC..................|..&&&......&&&&.....|CCCCCCCCCCCCCCCCCCCC|..&&&......&&&&.....|..T......T.....T....|..IIII......IIIII...|....,..........*....|CCCCCCCCCCCCCCCCCCCC|..T......T.....T....|....,..........*....|...^^^......^^^^....|...r.........r......|...^^^......^^^^....|....,..........*....|...r.........r......|..................CC
CC.........,........|..&.&.......&.&.....|CCCCCCCCMMMMCCCCCCCC|..&.&.......&.&.....|....................|.IIIIII....IIIIIII..|..........,.........|CCCCCCCCMMMMCCCCCCCC|....................|..........,.........|..^^^^^....^^^^^^...|....................|..^^^^^....^^^^^^...|..........,.........|....................|.........,........CC
CC..................|..&&&......&&&&.....|CCCCCCCMMMMMMCCCCCCC|..&&&......&&&&.....|.T.....T.....T....T.|..IIII......IIIII...|...*.............,..|CCCCCCCMMMMMMCCCCCCC|.T.....T.....T....T.|...*.............,..|...^^^......^^^^....|.r.......r..........|...^^^......^^^^....|...*.............,..|.r.......r..........|..................CC
CC....*.............|....................|CCCCCCMMMMMMMMCCCCCC|....................|....................|....................|.,..................|CCCCCCMMMMMMMMCCCCCC|....................|.,..................|....................|.........r....r.....|....................|.,..................|.........r....r.....|....*.............CC
CC..................|.....&&&&&&&&&......|CCCCCMMMMOOMMMMCCCCC|.....&&&&&&&&&......|......T.....T.......|.......IIII.........|..........*.........|CCCCCMMMMOOMMMMCCCCC|......T.....T.......|..........*.........|.......^^^^.........|....................|.......^^^^.........|..........*.........|....................|..................CC
CC..................|.....&......&.......|C....MMMMOOMMMM....C|.....&......&.......|..T..............T..|......IIIIII........|....................|C....MMMMOOMMMM....C|..T..............T..|....................|......^^^^^^........|......r........r....|......^^^^^^........|....................|......r........r....|..................CC
CC..........,.......|.....&&&&&&&&&......|.........==.........|.....&&&&&&&&&......|....................|.......IIII.........|.........,..........|.........==.........|....................|.........,..........|.......^^^^.........|...r................|.......^^^^.........|.........,..........|...r................|.......,..........CC
CC..................|....................|C........==........C|....................|.....T.....T...T....|....................|...,................|C........==........C|.....T.....T...T....|...,................|....................|..........r.........|....................|...,................|..........r.........|..................CC
CC...,..............|..&&&.......&&&.....|C..r.....==.....r..C|..&&&.......&&&.....|...T................|..IIII.......III....|.......*........,...|C..r.....==.....r..C|...T................|.......*........,...|..^^^^.......^^^....|.r...........r......|..^^^^.......^^^....|.......*........,...|.r...........r......|...........,......CC
CC..................|..&.&.......&.&.....|C...""...==...""...C|..&.&.......&.&.....|......T.........T...|.IIIIII.....IIIII...|....................|C...""...==...""...C|......T.........T...|....................|.^^^^^^.....^^^^^...|....................|.^^^^^^.....^^^^^...|....................|....................|..................CC
CC.........*........|..&&&.......&&&.....|C..""""..==..""""..C|..&&&.......&&&.....|....................|..IIII.......III....|..*...........,.....|C..""""..==..""""..C|....................|..*...........,.....|..^^^^.......^^^....|.....r.......r...r..|..^^^^.......^^^....|..*...........,.....|.....r.......r...r..|.....*............CC
CC..................|....................|C........==........C|....................|.T......T.....T...T.|....................|.........,.......*..|C........==........C|.T......T.....T...T.|.........,.......*..|....................|....................|....................|.........,.......*..|....................|..................CC
CC..................|.......&&&..........|.........==.........|.......&&&..........|....................|.....III............|....,...............|.........==.........|....................|....,...............|.....^^^............|..r.......r.........|.....^^^............|....,...............|..r.......r.........|..................CC
CC..................|..T......T.....T....|..&&&......&&&&.....|....,..........*....|TTT..TT...TT....TTT.|....,..........*....|..IIII......IIIII...|....,..........*....|..IIII......IIIII...|....................|...r.........r......|...^^^......^^^^....|CCCCCCCCCCCCCCCCCCCC|...^^^......^^^^....|....,..........*....|..................CC
CC.........,........|....................|..&.&.......&.&.....|..........,.........|TT....T....T.....TT.|..........,.........|.IIIIII....IIIIIII..|..........,.........|.IIIIII....IIIIIII..|.........,..........|....................|..^^^^^....^^^^^^...|CCCCCCCCMMMMCCCCCCCC|..^^^^^....^^^^^^...|..........,.........|.........,........CC
CC..................|.T.....T.....T....T.|..&&&......&&&&.....|...*.............,..|T......T..T.......T.|...*.............,..|..IIII......IIIII...|...*.............,..|..IIII......IIIII...|....................|.r.......r..........|...^^^......^^^^....|CCCCCCCMMMMMMCCCCCCC|...^^^......^^^^....|...*.............,..|..................CC
CC....*.............|....................|....................|.,..................|.........T..........|.,..................|....................|.,..................|....................|........L...........|.........r....r.....|....................|CCCCCCMMMMMMMMCCCCCC|....................|.,..................|....*.............CC
CC..................|......T.....T.......|.....&&&&&&&&&......|..........*.........|..T................T|..........*.........|.......IIII.........|..........*.........|.......IIII.........|....................|....................|.......^^^^.........|CCCCCMMMMOOMMMMCCCCC|.......^^^^.........|..........*.........|..................CC
CC..................|..T..............T..|.....&......&.......|....................|....................|....................|......IIIIII........|....................|......IIIIII........|....*...............|......r........r....|......^^^^^^........|C....MMMMOOMMMM....C|......^^^^^^........|....................|..................CC
CC..........,.......|....................|.....&&&&&&&&&......|.........,..........|T....T.......T.....T|.........,..........|.......IIII.........|.........,..........|.......IIII.........|....................|...r................|.......^^^^.........|.........==.........|.......^^^^.........|.........,..........|.......,..........CC
CC..................|.....T.....T...T....|....................|...,................|....................|...,................|....................|...,................|....................|.........,..........|..........r.........|....................|C........==........C|....................|...,................|..................CC
CC...,..............|...T................|..&&&.......&&&.....|.......*........,...|..T.......T........T|.......*........,...|..IIII.......III....|.......*........,...|..IIII.......III....|.......*............|.r...........r......|..^^^^.......^^^....|C..r.....==.....r..C|..^^^^.......^^^....|.......*........,...|...........,......CC
CC..................|......T.........T...|..&.&.......&.&.....|....................|T.......T...........|....................|.IIIIII.....IIIII...|....................|.IIIIII.....IIIII...|....................|....................|.^^^^^^.....^^^^^...|C...""...==...""...C|.^^^^^^.....^^^^^...|....................|..................CC
CC.........*........|....................|..&&&.......&&&.....|..*...........,.....|....................|..*...........,.....|..IIII.......III....|..*...........,.....|..IIII.......III....|..,.............*...|.....r.......r...r..|..^^^^.......^^^....|C..""""..==..""""..C|..^^^^.......^^^....|..*...........,.....|.....*............CC
CC..................|.T......T.....T...T.|....................|.........,.......*..|TT...T......TT....TT|.........,.......*..|....................|.........,.......*..|....................|....................|....................|....................|C........==........C|....................|.........,.......*..|..................CC
CC..................|....................|.......&&&..........|....,...............|TTT...TT...TT....TTT|....,...............|.....III............|....,...............|.....III............|.........,..........|..r.......r.........|.....^^^............|.........==.........|.....^^^............|....,...............|..................CC
CC..................|TTT..TT...TT....TTT.|..T......T.....T....|TTT..TT...TT....TTT.|..&&&......&&&&.....|..IIII......IIIII...|....,..........*....|..T......T.....T....|..IIII......IIIII...|....,..........*....|...^^^......^^^^....|....,..........*....|...r.........r......|....,..........*....|...^^^......^^^^....|..................CC
CC.........,........|TT....T....T.....TT.|....................|TT....T....T.....TT.|..&.&.......&.&.....|.IIIIII....IIIIIII..|..........,.........|....................|.IIIIII....IIIIIII..|..........,.........|..^^^^^....^^^^^^...|..........,.........|....................|..........,.........|..^^^^^....^^^^^^...|.........,........CC
CC..................|T......T..T.......T.|.T.....T.....T....T.|T......T..T.......T.|..&&&......&&&&.....|..IIII......IIIII...|...*.............,..|.T.....T.....T....T.|..IIII......IIIII...|...*.............,..|...^^^......^^^^....|...*.............,..|.r.......r..........|...*.............,..|...^^^......^^^^....|..................CC
CC....*.............|.........T..........|....................|.........T..........|....................|....................|.,..................|....................|....................|.,..................|....................|.,..................|.........r....r.....|.,..................|....................|....*.............CC
CC..................|..T................T|......T.....T.......|..T................T|.....&&&&&&&&&......|.......IIII.........|..........*.........|......T.....T.......|.......IIII.........|..........*.........|.......^^^^.........|..........*.........|....................|..........*.........|.......^^^^.........|..................CC
CC..................|....................|..T..............T..|....................|.....&......&.......|......IIIIII........|....................|..T..............T..|......IIIIII........|....................|......^^^^^^........|....................|......r........r....|....................|......^^^^^^........|..................CC
CC..........,.......|T....T.......T.....T|....................|T....T.......T.....T|.....&&&&&&&&&......|.......IIII.........|.........,..........|....................|.......IIII.........|.........,..........|.......^^^^.........|.........,..........|...r................|.........,..........|.......^^^^.........|.......,..........CC
CC..................|....................|.....T.....T...T....|....................|....................|....................|...,................|.....T.....T...T....|....................|...,................|....................|...,................|..........r.........|...,................|....................|..................CC
CC...,..............|..T.......T........T|...T................|..T.......T........T|..&&&.......&&&.....|..IIII.......III....|.......*........,...|...T................|..IIII.......III....|.......*........,...|..^^^^.......^^^....|.......*........,...|.r...........r......|.......*........,...|..^^^^.......^^^....|...........,......CC
CC..................|T.......T...........|......T.........T...|T.......T...........|..&.&.......&.&.....|.IIIIII.....IIIII...|....................|......T.........T...|.IIIIII.....IIIII...|....................|.^^^^^^.....^^^^^...|....................|....................|....................|.^^^^^^.....^^^^^...|..................CC
CC.........*........|....................|....................|....................|..&&&.......&&&.....|..IIII.......III....|..*...........,.....|....................|..IIII.......III....|..*...........,.....|..^^^^.......^^^....|..*...........,.....|.....r.......r...r..|..*...........,.....|..^^^^.......^^^....|.....*............CC
CC..................|TT...T......TT....TT|.T......T.....T...T.|TT...T......TT....TT|....................|....................|.........,.......*..|.T......T.....T...T.|....................|.........,.......*..|....................|.........,.......*..|....................|.........,.......*..|....................|..................CC
CC..................|TTT...TT...TT....TTT|....................|TTT...TT...TT....TTT|.......&&&..........|.....III............|....,...............|....................|.....III............|....,...............|.....^^^............|....,...............|..r.......r.........|....,...............|.....^^^............|..................CC
CC..................|TTT..TT...TT....TTT.|..T......T.....T....|TTT..TT...TT....TTT.|..T......T.....T....|.........==.........|...~~.....~~~.......|....,..........*....|...~~.....~~~.......|..T......T.....T....|...^^^......^^^^....|...r.........r......|....................|dddddddddddddddddddd|dddddddddddddddddddd|..................CC
CC.........,........|TT....T....T.....TT.|....................|TT....T....T.....TT.|....................|.........==.........|..~~~~...~~~~~......|..........,.........|..~~~~...~~~~~......|....................|..^^^^^....^^^^^^...|....................|....................|dddddddddddddddddddd|dddddddddddddddddddd|.........,........CC
CC..................|T......T..T.......T.|.T.....T.....T....T.|T......T..T.......T.|.T.....T.....T....T.|.........==.........|...~~....~~~~.......|...*.............,..|...~~....~~~~.......|.T.....T.....T....T.|...^^^......^^^^....|.r.......r..........|....................|ddddddddrddddddddddd|ddddddddrddddddddddd|..................CC
CC....*.............|.........T..........|....................|.........T..........|....................|.........==.........|.........~~.........|.,..................|.........~~.........|....................|....................|.........r....r.....|CCCCCCCCCCCCCCCCCCCC|dddddddddddddddddddd|dddddddddddddddddddd|....*.............CC
CC..................|..T................T|......T.....T.......|..T................T|......T.....T.......|.........==.........|..~~~...............|..........*.........|..~~~...............|......T.....T.......|.......^^^^.........|....................|CCCCCCCCCCCCCCCCCCCC|ddddrdddddddddrddddd|ddddrdddddddddrddddd|..................CC
CC..................|....................|..T..............T..|....................|..T..............T..|.........==.........|.~~~~~......~~~.....|....................|.~~~~~......~~~.....|..T..............T..|......^^^^^^........|......r........r....|CCCCCCCCCCCCCCCCCCCC|dddddddddddddddddddd|dddddddddddddddddddd|..................CC
CC..........,.......|T....T.......T.....T|....................|T....T.......T.....T|....................|.........==.........|..~~~......~~~~~....|.........,..........|..~~~......~~~~~....|....................|.......^^^^.........|...r................|CCCCCCCCCCCCCCCCCCCC|dddddddddddddddddddd|dddddddddddddddddddd|.......,..........CC
CC..................|....................|.....T.....T...T....|....................|.....T.....T...T....|.........==.........|............~~~.....|...,................|............~~~.....|.....T.....T...T....|....................|..........r.........|CCCCCCCCCCCCCCCCCCCC|ddddddddddrddddddddd|ddddddddddrddddddddd|..................CC
CC...,..............|..T.......T........T|...T................|..T.......T........T|...T................|.........==.........|....~~..............|.......*........,...|....~~..............|...T................|..^^^^.......^^^....|.r...........r......|CCCCCCCCCCCCCCCCCCCC|dddddddddddddddddddd|dddddddddddddddddddd|...........,......CC
CC..................|T.......T...........|......T.........T...|T.......T...........|......T.........T...|.........==.........|...~~~~......~~.....|....................|...~~~~......~~.....|......T.........T...|.^^^^^^.....^^^^^...|....................|CCCCCCCCCCCCCCCCCCCC|ddrddddddddddddddddd|ddrddddddddddddddddd|..................CC
CC.........*........|....................|....................|....................|....................|.........==.........|....~~......~~~~....|..*...........,.....|....~~......~~~~....|....................|..^^^^.......^^^....|.....r.......r...r..|....................|dddddddddddddddddddd|dddddddddddddddddddd|.....*............CC
CC..................|TT...T......TT....TT|.T......T.....T...T.|TT...T......TT....TT|.T......T.....T...T.|.........==.........|.............~~.....|.........,.......*..|.............~~.....|.T......T.....T...T.|....................|....................|....................|ddddddddddddddrddddd|ddddddddddddddrddddd|..................CC
CC..................|TTT...TT...TT....TTT|....................|TTT...TT...TT....TTT|....................|.........==.........|....................|....,...............|....................|....................|.....^^^............|..r.......r.........|....................|dddddddddddddddddddd|dddddddddddddddddddd|..................CC
CC..................|....................|..T......T.....T....|TTT..TT...TT....TTT.|....,..........*....|.........==.........|...~~.....~~~.......|.......~BB~.........|...~~.....~~~.......|....,..........*....|dddddddddddddddddddd|...r.........r......|dddddddddddddddddddd|dddddddddddddddddddd|....................|..................CC
CC.........,........|..........,.........|....................|TT....T....T.....TT.|..........,.........|.........==.........|..~~~~...~~~~~......|.......~BB~.........|..~~~~...~~~~~......|..........,.........|dddddddddddddddddddd|....................|dddddddddddddddddddd|dddddddddddddddddddd|.........,..........|.........,........CC
CC..................|bbbbbbbbbbbbbbbbbbbb|.T.....T.....T....T.|T......T..T.......T.|...*.............,..|.........==.........|...~~....~~~~.......|.......~BB~.........|...~~....~~~~.......|...*.............,..|ddddddddrddddddddddd|.r.......r..........|ddddddddrddddddddddd|ddddddddrddddddddddd|CCCCCCCCXXCCCCCCCCCC|..................CC
CC....*.............|bbbbbbbbbbbbbbbbbbbb|....................|.........T..........|.,..................|.........==.........|.........~~.........|.......~BB~.........|.........~~.........|.,..................|dddddddddddddddddddd|.........r....r.....|dddddddddddddddddddd|dddddddddddddddddddd|CCCCCCCCXXCCCCCCCCCC|....*.............CC
CC..................|....................|......T.....T.......|..T................T|..........*.........|.........==.........|..~~~...............|.......~BB~.........|..~~~...............|..........*.........|ddddrdddddddddrddddd|....................|ddddrdddddddddrddddd|ddddrdddddddddrddddd|....................|..................CC
CC..................|....................|..T..............T..|....................|....................|.........==.........|.~~~~~......~~~.....|.......~BB~.........|.~~~~~......~~~.....|....................|dddddddddddddddddddd|......r........r....|dddddddddddddddddddd|dddddddddddddddddddd|....................|..................CC
CC..........,.......|.........,..........|....................|T....T.......T.....T|.........,..........|.........==.........|..~~~......~~~~~....|.......~BB~.........|..~~~......~~~~~....|.........,..........|dddddddddddddddddddd|...r................|dddddddddddddddddddd|dddddddddddddddddddd|..........,.........|.......,..........CC
CC..................|....................|.....T.....T...T....|....................|...,................|.........==.........|............~~~.....|.......~BB~.........|............~~~.....|...,................|ddddddddddrddddddddd|..........r.........|ddddddddddrddddddddd|ddddddddddrddddddddd|....................|..................CC
CC...,..............|....................|...T................|..T.......T........T|.......*........,...|.........==.........|....~~..............|.......~BB~.........|....~~..............|.......*........,...|dddddddddddddddddddd|.r...........r......|dddddddddddddddddddd|dddddddddddddddddddd|....................|...........,......CC
CC..................|bbbbbbbbbbbbbbbbbbbb|......T.........T...|T.......T...........|....................|.........==.........|...~~~~......~~.....|.......~BB~.........|...~~~~......~~.....|....................|ddrddddddddddddddddd|....................|ddrddddddddddddddddd|ddrddddddddddddddddd|CCCCCCCCCCXXCCCCCCCC|..................CC
CC.........*........|bbbbbbbbbbbbbbbbbbbb|....................|....................|..*...........,.....|.........==.........|....~~......~~~~....|.......~BB~.........|....~~......~~~~....|..*...........,.....|dddddddddddddddddddd|.....r.......r...r..|dddddddddddddddddddd|dddddddddddddddddddd|CCCCCCCCCCXXCCCCCCCC|.....*............CC
CC..................|....................|.T......T.....T...T.|TT...T......TT....TT|.........,.......*..|.........==.........|.............~~.....|.......~BB~.........|.............~~.....|.........,.......*..|ddddddddddddddrddddd|....................|ddddddddddddddrddddd|ddddddddddddddrddddd|....................|..................CC
CC..................|..........,.........|....................|TTT...TT...TT....TTT|....,...............|.........==.........|....................|.......~BB~.........|....................|....,...............|dddddddddddddddddddd|..r.......r.........|dddddddddddddddddddd|dddddddddddddddddddd|.........,..........|..................CC
CC..................|TTT..TT...TT....TTT.|CCCCCCCCCCCCCCCCCCCC|..T......T.....T....|....,..........*....|.........==.........|...~~.....~~~.......|.......~BB~.........|...~~.....~~~.......|....,..........*....|dddddddddddddddddddd|dddddddddddddddddddd|...r.........r......|CCCCCCCCCCCCCCCCCCCC|dddddddddddddddddddd|..................CC
CC.........,........|TT....T....T.....TT.|CCCCCCCCMMMMCCCCCCCC|....................|..........,.........|.........==.........|..~~~~...~~~~~......|.......~BB~.........|..~~~~...~~~~~......|..........,.........|dddddddddddddddddddd|dddddddddddddddddddd|....................|CCCCCCCCMMMMCCCCCCCC|dddddddddddddddddddd|.........,........CC
CC..................|T......T..T.......T.|CCCCCCCMMMMMMCCCCCCC|.T.....T.....T....T.|...*.............,..|.........==.........|...~~....~~~~.......|.......~BB~.........|...~~....~~~~.......|...*.............,..|ddddddddrddddddddddd|ddddddddrddddddddddd|.r.......r..........|CCCCCCCMMMMMMCCCCCCC|ddddddddrddddddddddd|..................CC
CC....*.............|.........T..........|CCCCCCMMMMMMMMCCCCCC|....................|.,..................|.........==.........|.........~~.........|.......~BB~.........|.........~~.........|.,..................|dddddddddddddddddddd|dddddddddddddddddddd|.........r....r.....|CCCCCCMMMMMMMMCCCCCC|dddddddddddddddddddd|....*.............CC
CC..................|..T................T|CCCCCMMMMOOMMMMCCCCC|......T.....T.......|..........*.........|.........==.........|..~~~...............|.......~BB~.........|..~~~...............|..........*.........|ddddrdddddddddrddddd|ddddrdddddddddrddddd|....................|CCCCCMMMMOOMMMMCCCCC|ddddrdddddddddrddddd|..................CC
CC..................|....................|C....MMMMOOMMMM....C|..T..............T..|....................|.........==.........|.~~~~~......~~~.....|.......~BB~.........|.~~~~~......~~~.....|....................|dddddddddddddddddddd|dddddddddddddddddddd|......r........r....|C....MMMMOOMMMM....C|dddddddddddddddddddd|..................CC
CC..........,.......|T....T.......T.....T|.........==.........|....................|.........,..........|.........==.........|..~~~......~~~~~....|.......~BB~.........|..~~~......~~~~~....|.........,..........|dddddddddddddddddddd|dddddddddddddddddddd|...r................|.........==.........|dddddddddddddddddddd|.......,..........CC
CC..................|....................|C........==........C|.....T.....T...T....|...,................|.........==.........|............~~~.....|.......~BB~.........|............~~~.....|...,................|ddddddddddrddddddddd|ddddddddddrddddddddd|..........r.........|C........==........C|ddddddddddrddddddddd|..................CC
CC...,..............|..T.......T........T|C..r.....==.....r..C|...T................|.......*........,...|.........==.........|....~~..............|.......~BB~.........|....~~..............|.......*........,...|dddddddddddddddddddd|dddddddddddddddddddd|.r...........r......|C..r.....==.....r..C|dddddddddddddddddddd|...........,......CC
CC..................|T.......T...........|C...""...==...""...C|......T.........T...|....................|.........==.........|...~~~~......~~.....|.......~BB~.........|...~~~~......~~.....|....................|ddrddddddddddddddddd|ddrddddddddddddddddd|....................|C...""...==...""...C|ddrddddddddddddddddd|..................CC
CC.........*........|....................|C..""""..==..""""..C|....................|..*...........,.....|.........==.........|....~~......~~~~....|.......~BB~.........|....~~......~~~~....|..*...........,.....|dddddddddddddddddddd|dddddddddddddddddddd|.....r.......r...r..|C..""""..==..""""..C|dddddddddddddddddddd|.....*............CC
CC..................|TT...T......TT....TT|C........==........C|.T......T.....T...T.|.........,.......*..|.........==.........|.............~~.....|.......~BB~.........|.............~~.....|.........,.......*..|ddddddddddddddrddddd|ddddddddddddddrddddd|....................|C........==........C|ddddddddddddddrddddd|..................CC
CC..................|TTT...TT...TT....TTT|.........==.........|....................|....,...............|.........==.........|....................|.......~BB~.........|....................|....,...............|dddddddddddddddddddd|dddddddddddddddddddd|..r.......r.........|.........==.........|dddddddddddddddddddd|..................CC
CC..................|..T......T.....T....|.........==.........|TTT..TT...TT....TTT.|....,..........*....|.........==.........|CCCCCCCCCCCCCCCCCCCC|.......~BB~.........|...~~.....~~~.......|....,..........*....|dddddddddddddddddddd|...r.........r......|dddddddddddddddddddd|.........==.........|dddddddddddddddddddd|..................CC
CC.........,........|....................|.........==.........|TT....T....T.....TT.|..........,.........|.........==.........|CCCCCCCCMMMMCCCCCCCC|.......~BB~.........|..~~~~...~~~~~......|..........,.........|dddddddddddddddddddd|....................|dddddddddddddddddddd|.........==.........|dddddddddddddddddddd|.........,........CC
CC..................|.T.....T.....T....T.|.........==.........|T......T..T.......T.|...*.............,..|.........==.........|CCCCCCCMMMMMMCCCCCCC|.......~BB~.........|...~~....~~~~.......|...*.............,..|ddddddddrddddddddddd|.r.......r..........|ddddddddrddddddddddd|.........==.........|ddddddddrddddddddddd|..................CC
CC....*.............|....................|.........==.........|.........T..........|.,..................|.........==.........|CCCCCCMMMMMMMMCCCCCC|.......~BB~.........|.........~~.........|.,..................|dddddddddddddddddddd|.........r....r.....|dddddddddddddddddddd|.........==.........|dddddddddddddddddddd|....*.............CC
CC..................|......T.....T.......|.........==.........|..T................T|..........*.........|.........==.........|CCCCCMMMMOOMMMMCCCCC|.......~BB~.........|..~~~...............|..........*.........|ddddrdddddddddrddddd|....................|ddddrdddddddddrddddd|.........==.........|ddddrdddddddddrddddd|..................CC
CC..................|..T..............T..|.........==.........|....................|....................|.........==.........|C....MMMMOOMMMM....C|.......~BB~.........|.~~~~~......~~~.....|....................|dddddddddddddddddddd|......r........r....|dddddddddddddddddddd|.........==.........|dddddddddddddddddddd|..................CC
CC..........,.......|....................|.........==.........|T....T.......T.....T|.........,..........|.........==.........|.........==.........|.......~BB~.........|..~~~......~~~~~....|.........,..........|dddddddddddddddddddd|...r................|dddddddddddddddddddd|.........==.........|dddddddddddddddddddd|.......,..........CC
CC..................|.....T.....T...T....|.........==.........|....................|...,................|.........==.........|C........==........C|.......~BB~.........|............~~~.....|...,................|ddddddddddrddddddddd|..........r.........|ddddddddddrddddddddd|.........==.........|ddddddddddrddddddddd|..................CC
CC...,..............|...T................|.........==.........|..T.......T........T|.......*........,...|.........==.........|C..r.....==.....r..C|.......~BB~.........|....~~..............|.......*........,...|dddddddddddddddddddd|.r...........r......|dddddddddddddddddddd|.........==.........|dddddddddddddddddddd|...........,......CC
CC..................|......T.........T...|.........==.........|T.......T...........|....................|.........==.........|C...""...==...""...C|.......~BB~.........|...~~~~......~~.....|....................|ddrddddddddddddddddd|....................|ddrddddddddddddddddd|.........==.........|ddrddddddddddddddddd|..................CC
CC.........*........|....................|.........==.........|....................|..*...........,.....|.........==.........|C..""""..==..""""..C|.......~BB~.........|....~~......~~~~....|..*...........,.....|dddddddddddddddddddd|.....r.......r...r..|dddddddddddddddddddd|.........==.........|dddddddddddddddddddd|.....*............CC
CC..................|.T......T.....T...T.|.........==.........|TT...T......TT....TT|.........,.......*..|.........==.........|C........==........C|.......~BB~.........|.............~~.....|.........,.......*..|ddddddddddddddrddddd|....................|ddddddddddddddrddddd|.........==.........|ddddddddddddddrddddd|..................CC
CC..................|....................|.........==.........|TTT...TT...TT....TTT|....,...............|.........==.........|.........==.........|.......~BB~.........|....................|....,...............|dddddddddddddddddddd|..r.......r.........|dddddddddddddddddddd|.........==.........|dddddddddddddddddddd|..................CC
CC..................|TTT..TT...TT....TTT.|.........==.........|....................|..,...."".....,.....|.........==.........|...~~.....~~~.......|.......~BB~.........|...~~.....~~~.......|.""".....,...""""...|....................|dddddddddddddddddddd|...r.........r......|.........==.........|dddddddddddddddddddd|..................CC
CC.........,........|TT....T....T.....TT.|.........==.........|..........,.........|......""""..........|.........==.........|..~~~~...~~~~~......|.......~BB~.........|..~~~~...~~~~~......|""""".......""""""..|.........,..........|dddddddddddddddddddd|....................|.........==.........|dddddddddddddddddddd|.........,........CC
CC..................|T......T..T.......T.|.........==.........|bbbbbbbbbbbbbbbbbbbb|.......""...........|.........==.........|...~~....~~~~.......|.......~BB~.........|...~~....~~~~.......|.""".........""""...|rrrrrrrrrrrrrrrrrrrr|ddddddddrddddddddddd|.r.......r..........|.........==.........|ddddddddrddddddddddd|..................CC
CC....*.............|.........T..........|.........==.........|bbbbbbbbbbbbbbbbbbbb|...*................|.........==.........|.........~~.........|.......~BB~.........|.........~~.........|....................|rrrrrrrrrrrrrrrrrrrr|dddddddddddddddddddd|.........r....r.....|.........==.........|dddddddddddddddddddd|....*.............CC
CC..................|..T................T|.........==.........|....................|..........,....b....|.........==.........|..~~~...............|.......~BB~.........|..~~~...............|...,.....*..........|....................|ddddrdddddddddrddddd|....................|.........==.........|ddddrdddddddddrddddd|..................CC
CC..................|....................|.........==.........|....................|....................|.........==.........|.~~~~~......~~~.....|.......~BB~.........|.~~~~~......~~~.....|....""".............|....................|dddddddddddddddddddd|......r........r....|.........==.........|dddddddddddddddddddd|..................CC
CC..........,.......|T....T.......T.....T|.........==.........|.........,..........|.,.........*........|.........==.........|..~~~......~~~~~....|.......~BB~.........|..~~~......~~~~~....|...""""".......,....|..........,.........|dddddddddddddddddddd|...r................|.........==.........|dddddddddddddddddddd|.......,..........CC
CC..................|....................|.........==.........|....................|..........,.........|.........==.........|............~~~.....|.......~BB~.........|............~~~.....|....""".............|....................|ddddddddddrddddddddd|..........r.........|.........==.........|ddddddddddrddddddddd|..................CC
CC...,..............|..T.......T........T|.........==.........|....................|....b...............|.........==.........|....~~..............|.......~BB~.........|....~~..............|....................|....................|dddddddddddddddddddd|.r...........r......|.........==.........|dddddddddddddddddddd|...........,......CC
CC..................|T.......T...........|.........==.........|bbbbbbbbbbbbbbbbbbbb|.......,......""....|.........==.........|...~~~~......~~.....|.......~BB~.........|...~~~~......~~.....|.......""""".....*..|rrrrrrrrrrrrrrrrrrrr|ddrddddddddddddddddd|....................|.........==.........|ddrddddddddddddddddd|..................CC
CC.........*........|....................|.........==.........|bbbbbbbbbbbbbbbbbbbb|..............""....|.........==.........|....~~......~~~~....|.......~BB~.........|....~~......~~~~....|......"""""""...,...|rrrrrrrrrrrrrrrrrrrr|dddddddddddddddddddd|.....r.......r...r..|.........==.........|dddddddddddddddddddd|.....*............CC
CC..................|TT...T......TT....TT|.........==.........|....................|..*..........."".,..|.........==.........|.............~~.....|.......~BB~.........|.............~~.....|.......""""".......,|....................|ddddddddddddddrddddd|....................|.........==.........|ddddddddddddddrddddd|..................CC
CC..................|TTT...TT...TT....TTT|.........==.........|..........,.........|....................|.........==.........|....................|.......~BB~.........|....................|....................|.........,..........|dddddddddddddddddddd|..r.......r.........|.........==.........|dddddddddddddddddddd|..................CC
CC..................|..T......T.....T....|.........==.........|..,...."".....,.....|.""".....,...""""...|.........==.........|CCCCCCCCCCCCCCCCCCCC|..,...."".....,.....|..T......T.....T....|CCCCCCCCCCCCCCCCCCCC|....................|dddddddddddddddddddd|...r.........r......|.........==.........|dddddddddddddddddddd|..................CC
CC.........,........|....................|.........==.........|......""""..........|""""".......""""""..|.........==.........|CCCCCCCCMMMMCCCCCCCC|......""""..........|....................|CCCCCCCCMMMMCCCCCCCC|.........,..........|dddddddddddddddddddd|....................|.........==.........|dddddddddddddddddddd|.........,........CC
CC..................|.T.....T.....T....T.|.........==.........|.......""...........|.""".........""""...|.........==.........|CCCCCCCMMMMMMCCCCCCC|.......""...........|.T.....T.....T....T.|CCCCCCCMMMMMMCCCCCCC|....................|ddddddddrddddddddddd|.r.......r..........|.........==.........|ddddddddrddddddddddd|..................CC
CC....*.............|....................|.........==.........|...*................|....................|.........==.........|CCCCCCMMMMMMMMCCCCCC|...*................|....................|CCCCCCMMMMMMMMCCCCCC|........L...........|dddddddddddddddddddd|.........r....r.....|.........==.........|dddddddddddddddddddd|....*.............CC
CC..................|......T.....T.......|.........==.........|..........,....b....|...,.....*..........|.........==.........|CCCCCMMMMOOMMMMCCCCC|..........,....b....|......T.....T.......|CCCCCMMMMOOMMMMCCCCC|....................|ddddrdddddddddrddddd|....................|.........==.........|ddddrdddddddddrddddd|..................CC
CC..................|..T..............T..|.........==.........|....................|....""".............|.........==.........|C....MMMMOOMMMM....C|....................|..T..............T..|C....MMMMOOMMMM....C|....*...............|dddddddddddddddddddd|......r........r....|.........==.........|dddddddddddddddddddd|..................CC
CC..........,.......|....................|.........==.........|.,.........*........|...""""".......,....|.........==.........|.........==.........|.,.........*........|....................|.........==.........|....................|dddddddddddddddddddd|...r................|.........==.........|dddddddddddddddddddd|.......,..........CC
CC..................|.....T.....T...T....|.........==.........|..........,.........|....""".............|.........==.........|C........==........C|..........,.........|.....T.....T...T....|C........==........C|.........,..........|ddddddddddrddddddddd|..........r.........|.........==.........|ddddddddddrddddddddd|..................CC
CC...,..............|...T................|.........==.........|....b...............|....................|.........==.........|C..r.....==.....r..C|....b...............|...T................|C..r.....==.....r..C|.......*............|dddddddddddddddddddd|.r...........r......|.........==.........|dddddddddddddddddddd|...........,......CC
CC..................|......T.........T...|.........==.........|.......,......""....|.......""""".....*..|.........==.........|C...""...==...""...C|.......,......""....|......T.........T...|C...""...==...""...C|....................|ddrddddddddddddddddd|....................|.........==.........|ddrddddddddddddddddd|..................CC
CC.........*........|....................|.........==.........|..............""....|......"""""""...,...|.........==.........|C..""""..==..""""..C|..............""....|....................|C..""""..==..""""..C|..,.............*...|dddddddddddddddddddd|.....r.......r...r..|.........==.........|dddddddddddddddddddd|.....*............CC
CC..................|.T......T.....T...T.|.........==.........|..*..........."".,..|.......""""".......,|.........==.........|C........==........C|..*..........."".,..|.T......T.....T...T.|C........==........C|....................|ddddddddddddddrddddd|....................|.........==.........|ddddddddddddddrddddd|..................CC
CC..................|....................|.........==.........|....................|....................|.........==.........|.........==.........|....................|....................|.........==.........|.........,..........|dddddddddddddddddddd|..r.......r.........|.........==.........|dddddddddddddddddddd|..................CC
CC..................|..,...."".....,.....|.........==.........|.""".....,...""""...|....,..........*....|.........==.........|..,...."".....,.....|....................|..,...."".....,.....|.........==.........|..,...."".....,.....|.""".....,...""""...|...r.........r......|.........==.........|dddddddddddddddddddd|..................CC
CC.........,........|......""""..........|.........==.........|""""".......""""""..|..........,.........|...,.....==.......,.|......""""..........|.....,..............|......""""..........|.........==.........|......""""..........|""""".......""""""..|....................|.........==.........|dddddddddddddddddddd|.........,........CC
CC..................|.......""...........|.........==.........|.""".........""""...|...*.............,..|.........==.........|.......""...........|....~~~~~~~~~~......|.......""...........|.........==.........|.......""...........|.""".........""""...|.r.......r..........|.........==.........|ddddddddrddddddddddd|..................CC
CC....*.............|...*................|.........==.........|....................|.,..................|..b......==......b..|...*................|...~WWWWWWWWWW~.....|...*................|.........==.........|...*................|....................|.........r....r.....|.........==.........|dddddddddddddddddddd|....*.............CC
CC..................|..........,....b....|.........==.........|...,.....*..........|..........*.........|####.....==.....####|..........,....b....|...~WWWWWWWWWW~.....|..........,....b....|.........==.........|..........,....b....|...,.....*..........|....................|.........==.........|ddddrdddddddddrddddd|..................CC
CC..................|....................|.........==.........|....""".............|....................|.........==.........|....................|...~WWWWWWWWWW~.....|....................|.........==.........|....................|....""".............|......r........r....|.........==.........|dddddddddddddddddddd|..................CC
CC..........,.......|.,.........*........|.........==.........|...""""".......,....|.........,..........|...*.....==...*.....|.,.........*........|...~WWWWWWWWWW~.....|.,.........*........|.........==.........|.,.........*........|...""""".......,....|...r................|.........==.........|dddddddddddddddddddd|.......,..........CC
CC..................|..........,.........|.........==.........|....""".............|...,................|.........==.........|..........,.........|...~WWWWWWWWWW~.....|..........,.........|.........==.........|..........,.........|....""".............|..........r.........|.........==.........|ddddddddddrddddddddd|..................CC
CC...,..............|....b...............|.........==.........|....................|.......*........,...|..L......==......L..|....b...............|....~~~~~~~~~~......|....b...............|.........==.........|....b...............|....................|.r...........r......|.........==.........|dddddddddddddddddddd|...........,......CC
CC..................|.......,......""....|.........==.........|.......""""".....*..|....................|.........==.........|.......,......""....|..........,.........|.......,......""....|.........==.........|.......,......""....|.......""""".....*..|....................|.........==.........|ddrddddddddddddddddd|..................CC
CC.........*........|..............""....|.........==.........|......"""""""...,...|..*...........,.....|...,.....==....,....|..............""....|....................|..............""....|.........==.........|..............""....|......"""""""...,...|.....r.......r...r..|.........==.........|dddddddddddddddddddd|.....*............CC
CC..................|..*..........."".,..|.........==.........|.......""""".......,|.........,.......*..|.........==.........|..*..........."".,..|.....*..............|..*..........."".,..|.........==.........|..*..........."".,..|.......""""".......,|....................|.........==.........|ddddddddddddddrddddd|..................CC
CC..................|....................|.........==.........|....................|....,...............|.........==.........|....................|....................|....................|.........==.........|....................|....................|..r.......r.........|.........==.........|dddddddddddddddddddd|..................CC
CC..................|....................|.........==.........|....................|....................|.........==.........|....................|....................|....................|.........==.........|....................|....................|....................|.........==.........|dddddddddddddddddddd|..................CC
CC.........,........|....................|.........==.........|....................|.,................,.|.(RRR)...==.........|.(RRRR)....(RRR)....|....................|....................|.........==.........|....................|....................|....................|.........==.........|dddddddddddddddddddd|.........,........CC
CC..................|....................|.........==.........|....................|..~~~~~~~~.........b|.MMNMM...==.........|.MMNMMM....MMNMM....|....................|....................|.........==.........|....................|....................|....................|.........==.........|ddddddddrddddddddddd|..................CC
CC....*.............|....................|.........==.........|....................|.~WWWWWWWW~.........|.MMDDM...==.........|.MMDDMM....MMNMM....|....................|....................|.........==.........|....................|....................|....................|.........==.........|dddddddddddddddddddd|....*.............CC
CC..................|....................|.........==.........|....................|.~WWWWWWWW~.........|.........==.........|.G..................|....................|....................|.........==.........|....................|....................|....................|.........==.........|ddddrdddddddddrddddd|..................CC
CC..................|....................|.........==.........|....................|.~WWWWWWWW~.........|.........==.........|....................|....................|....................|.........==.........|....................|....................|....................|.........==.........|dddddddddddddddddddd|..................CC
CC..........,.......|====================|====================|====================|.~WWWWWWWW~=========|====================|====================|====================|====================|====================|====================|====================|====================|====================|dddddddddddddddddddd|.......,..........CC
CC..................|====================|====================|====================|.~~~~~~~~~~=========|====================|====================|====================|====================|====================|====================|====================|====================|====================|ddddddddddrddddddddd|..................CC
CC...,..............|....................|.........==.........|....................|....,.....,.........|.........==....Q....|..b....,......b.....|....................|....................|.........==.........|....................|....................|....................|.........==.........|dddddddddddddddddddd|...........,......CC
CC..................|....................|.........==.........|....................|.b.........L........|.L.......==......L..|....L.......L.......|....................|....................|.........==.........|....................|....................|....................|.........==.........|ddrddddddddddddddddd|..................CC
CC.........*........|....................|.........==.........|....................|.....*..............|...b.....==....b....|.*.......,......*...|....................|....................|.........==.........|....................|....................|....................|.........==.........|dddddddddddddddddddd|.....*............CC
CC..................|....................|.........==.........|....................|,........,.......,..|.........==.........|....................|....................|....................|.........==.........|....................|....................|....................|.........==.........|ddddddddddddddrddddd|..................CC
CC..................|....................|.........==.........|....................|....................|.........==.........|.........,..........|....................|....................|.........==.........|....................|....................|....................|.........==.........|dddddddddddddddddddd|..................CC
CC..................|...~~.....~~~.......|...~~.....~~~.......|.........==.........|.""".....,...""""...|.........==.........|..,...."".....,.....|.""".....,...""""...|..,...."".....,.....|..,...."".....,.....|..,...."".....,.....|...~~.....~~~.......|...~~.....~~~.......|...~~.....~~~.......|....................|..................CC
CC.........,........|..~~~~...~~~~~......|..~~~~...~~~~~......|.........==.........|""""".......""""""..|.........==.........|......""""..........|""""".......""""""..|......""""..........|......""""..........|......""""..........|..~~~~...~~~~~......|..~~~~...~~~~~......|..~~~~...~~~~~......|....,...............|.........,........CC
CC..................|...~~....~~~~.......|...~~....~~~~.......|.........==.........|.""".........""""...|.........==.........|.......""...........|.""".........""""...|.......""...........|.......""...........|.......""...........|...~~....~~~~.......|...~~....~~~~.......|...~~....~~~~.......|....................|..................CC
CC....*.............|.........~~.........|.........~~.........|.........==.........|....................|.........==.........|...*................|....................|...*................|...*................|...*................|.........~~.........|.........~~.........|.........~~.........|..........,.........|....*.............CC
CC..................|..~~~...............|..~~~...............|.........==.........|...,.....*..........|.........==.........|..........,....b....|...,.....*..........|..........,....b....|..........,....b....|..........,....b....|..~~~...............|..~~~...............|..~~~...............|....................|..................CC
CC..................|.~~~~~......~~~.....|.~~~~~......~~~.....|.........==.........|....""".............|.........==.........|....................|....""".............|....................|....................|....................|.~~~~~......~~~.....|.~~~~~......~~~.....|.~~~~~......~~~.....|~~~~~~~~~~~~~~~~~~~~|..................CC
CC..........,.......|..~~~......~~~~~....|..~~~......~~~~~....|.........==.........|...""""".......,....|.........==.........|.,.........*........|...""""".......,....|.,.........*........|.,.........*........|.,.........*........|..~~~......~~~~~....|..~~~......~~~~~....|..~~~......~~~~~....|WWWWWWWWWWWWWWWWWWWW|.......,..........CC
CC..................|............~~~.....|............~~~.....|.........==.........|....""".............|.........==.........|..........,.........|....""".............|..........,.........|..........,.........|..........,.........|............~~~.....|............~~~.....|............~~~.....|WWWWWWWWWWWWWWWWWWWW|..................CC
CC...,..............|....~~..............|....~~..............|.........==.........|....................|.........==.........|....b...............|....................|....b...............|....b...............|....b...............|....~~..............|....~~..............|....~~..............|WWWWWWWWWWWWWWWWWWWW|...........,......CC
CC..................|...~~~~......~~.....|...~~~~......~~.....|.........==.........|.......""""".....*..|.........==.........|.......,......""....|.......""""".....*..|.......,......""....|.......,......""....|.......,......""....|...~~~~......~~.....|...~~~~......~~.....|...~~~~......~~.....|WWWWWWWWWWWWWWWWWWWW|..................CC
CC.........*........|....~~......~~~~....|....~~......~~~~....|.........==.........|......"""""""...,...|.........==.........|..............""....|......"""""""...,...|..............""....|..............""....|..............""....|....~~......~~~~....|....~~......~~~~....|....~~......~~~~....|WWWWWWWWWWWWWWWWWWWW|.....*............CC
CC..................|.............~~.....|.............~~.....|.........==.........|.......""""".......,|.........==.........|..*..........."".,..|.......""""".......,|..*..........."".,..|..*..........."".,..|..*..........."".,..|.............~~.....|.............~~.....|.............~~.....|WWWWWWWWWWWWWWWWWWWW|..................CC
CC..................|....................|....................|.........==.........|....................|.........==.........|....................|....................|....................|....................|....................|....................|....................|....................|WWWWWWWWWWWWWWWWWWWW|..................CC
CC..................|...~~.....~~~.......|...~~.....~~~.......|.........==.........|..,...."".....,.....|.........==.........|..,...."".....,.....|..,...."".....,.....|.""".....,...""""...|...~~.....~~~.......|...~~.....~~~.......|....................|....................|....................|....................|..................CC
CC.........,........|..~~~~...~~~~~......|..~~~~...~~~~~......|.........==.........|......""""..........|.........==.........|......""""..........|......""""..........|""""".......""""""..|..~~~~...~~~~~......|..~~~~...~~~~~......|....,...............|....,...............|....,...............|....,...............|.........,........CC
CC..................|...~~....~~~~.......|...~~....~~~~.......|.........==.........|.......""...........|.........==.........|.......""...........|.......""...........|.""".........""""...|...~~....~~~~.......|...~~....~~~~.......|....................|....................|....................|....................|..................CC
CC....*.............|.........~~.........|.........~~.........|.........==.........|...*................|.........==.........|...*................|...*................|....................|.........~~.........|.........~~.........|..........,.........|..........,.........|..........,.........|..........,.........|....*.............CC
CC..................|..~~~...............|..~~~...............|.........==.........|..........,....b....|.........==.........|..........,....b....|..........,....b....|...,.....*..........|..~~~...............|..~~~...............|....................|....................|....................|....................|..................CC
CC..................|.~~~~~......~~~.....|.~~~~~......~~~.....|.........==.........|....................|.........==.........|....................|....................|....""".............|.~~~~~......~~~.....|.~~~~~......~~~.....|~~~~~~~~~~~~~~~~~~~~|~~~~~~~~~~~~~~~~~~~~|~~~~~~~~~~~~~~~~~~~~|~~~~~~~~~~~~~~~~~~~~|..................CC
CC..........,.......|..~~~......~~~~~....|..~~~......~~~~~....|.........==.........|.,.........*........|.........==.........|.,.........*........|.,.........*........|...""""".......,....|..~~~......~~~~~....|..~~~......~~~~~....|WWWWWWWWWWWWWWWWWWWW|WWWWWWWWWWWWWWWWWWWW|WWWWWWWWWWWWWWWWWWWW|WWWWWWWWWWWWWWWWWWWW|.......,..........CC
CC..................|............~~~.....|............~~~.....|.........==.........|..........,.........|.........==.........|..........,.........|..........,.........|....""".............|............~~~.....|............~~~.....|WWWWWWWWWWWWWWWWWWWW|WWWWWWWWWWWWWWWWWWWW|WWWWWWWWWWWWWWWWWWWW|WWWWWWWWWWWWWWWWWWWW|..................CC
CC...,..............|....~~..............|....~~..............|.........==.........|....b...............|.........==.........|....b...............|....b...............|....................|....~~..............|....~~..............|WWWWWWWWWWWWWWWWWWWW|WWWWWWWWWWWWWWWWWWWW|WWWWWWWWWWWWWWWWWWWW|WWWWWWWWWWWWWWWWWWWW|...........,......CC
CC..................|...~~~~......~~.....|...~~~~......~~.....|.........==.........|.......,......""....|.........==.........|.......,......""....|.......,......""....|.......""""".....*..|...~~~~......~~.....|...~~~~......~~.....|WWWWWWWWWWWWWWWWWWWW|WWWWWWWWWWWWWWWWWWWW|WWWWWWWWWWWWWWWWWWWW|WWWWWWWWWWWWWWWWWWWW|..................CC
CC.........*........|....~~......~~~~....|....~~......~~~~....|.........==.........|..............""....|.........==.........|..............""....|..............""....|......"""""""...,...|....~~......~~~~....|....~~......~~~~....|WWWWWWWWWWWWWWWWWWWW|WWWWWWWWWWWWWWWWWWWW|WWWWWWWWWWWWWWWWWWWW|WWWWWWWWWWWWWWWWWWWW|.....*............CC
CC..................|.............~~.....|.............~~.....|.........==.........|..*..........."".,..|.........==.........|..*..........."".,..|..*..........."".,..|.......""""".......,|.............~~.....|.............~~.....|WWWWWWWWWWWWWWWWWWWW|WWWWWWWWWWWWWWWWWWWW|WWWWWWWWWWWWWWWWWWWW|WWWWWWWWWWWWWWWWWWWW|..................CC
CC..................|....................|....................|.........==.........|....................|.........==.........|....................|....................|....................|....................|....................|WWWWWWWWWWWWWWWWWWWW|WWWWWWWWWWWWWWWWWWWW|WWWWWWWWWWWWWWWWWWWW|WWWWWWWWWWWWWWWWWWWW|..................CC
CC..................|....................|...~~.....~~~.......|CCCCCCCCCCCCCCCCCCCC|...~~.....~~~.......|....................|....................|...~~.....~~~.......|....................|...~~.....~~~.......|....................|...~~.....~~~.......|....................|....................|....................|..................CC
CC.........,........|....,...............|..~~~~...~~~~~......|CCCCCCCCMMMMCCCCCCCC|..~~~~...~~~~~......|.........,..........|....,...............|..~~~~...~~~~~......|....,...............|..~~~~...~~~~~......|....,...............|..~~~~...~~~~~......|....,...............|....,...............|....,...............|.........,........CC
CC..................|....................|...~~....~~~~.......|CCCCCCCMMMMMMCCCCCCC|...~~....~~~~.......|....................|....................|...~~....~~~~.......|....................|...~~....~~~~.......|....................|...~~....~~~~.......|....................|....................|....................|..................CC
CC....*.............|..........,.........|.........~~.........|CCCCCCMMMMMMMMCCCCCC|.........~~.........|........L...........|..........,.........|.........~~.........|..........,.........|.........~~.........|..........,.........|.........~~.........|..........,.........|..........,.........|..........,.........|....*.............CC
CC..................|....................|..~~~...............|CCCCCMMMMOOMMMMCCCCC|..~~~...............|....................|....................|..~~~...............|....................|..~~~...............|....................|..~~~...............|....................|....................|....................|..................CC
CC..................|~~~~~~~~~~~~~~~~~~~~|.~~~~~......~~~.....|C....MMMMOOMMMM....C|.~~~~~......~~~.....|....*...............|~~~~~~~~~~~~~~~~~~~~|.~~~~~......~~~.....|~~~~~~~~~~~~~~~~~~~~|.~~~~~......~~~.....|~~~~~~~~~~~~~~~~~~~~|.~~~~~......~~~.....|~~~~~~~~~~~~~~~~~~~~|~~~~~~~~~~~~~~~~~~~~|~~~~~~~~~~~~~~~~~~~~|..................CC
CC..........,.......|WWWWWWWWWWWWWWWWWWWW|..~~~......~~~~~....|.........==.........|..~~~......~~~~~....|....................|WWWWWWWWWWWWWWWWWWWW|..~~~......~~~~~....|WWWWWWWWWWWWWWWWWWWW|..~~~......~~~~~....|WWWWWWWWWWWWWWWWWWWW|..~~~......~~~~~....|WWWWWWWWWWWWWWWWWWWW|WWWWWWWWWWWWWWWWWWWW|WWWWWWWWWWWWWWWWWWWW|.......,..........CC
CC..................|WWWWWWWWWWWWWWWWWWWW|............~~~.....|C........==........C|............~~~.....|.........,..........|WWWWWWWWWWWWWWWWWWWW|............~~~.....|WWWWWWWWWWWWWWWWWWWW|............~~~.....|WWWWWWWWWWWWWWWWWWWW|............~~~.....|WWWWWWWWWWWWWWWWWWWW|WWWWWWWWWWWWWWWWWWWW|WWWWWWWWWWWWWWWWWWWW|..................CC
CC...,..............|WWWWWWWWWWWWWWWWWWWW|....~~..............|C..r.....==.....r..C|....~~..............|.......*............|WWWWWWWWWWWWWWWWWWWW|....~~..............|WWWWWWWWWWWWWWWWWWWW|....~~..............|WWWWWWWWWWWWWWWWWWWW|....~~..............|WWWWWWWWWWWWWWWWWWWW|WWWWWWWWWWWWWWWWWWWW|WWWWWWWWWWWWWWWWWWWW|...........,......CC
CC..................|WWWWWWWWWWWWWWWWWWWW|...~~~~......~~.....|C...""...==...""...C|...~~~~......~~.....|....................|WWWWWWWWWWWWWWWWWWWW|...~~~~......~~.....|WWWWWWWWWWWWWWWWWWWW|...~~~~......~~.....|WWWWWWWWWWWWWWWWWWWW|...~~~~......~~.....|WWWWWWWWWWWWWWWWWWWW|WWWWWWWWWWWWWWWWWWWW|WWWWWWWWWWWWWWWWWWWW|..................CC
CC.........*........|WWWWWWWWWWWWWWWWWWWW|....~~......~~~~....|C..""""..==..""""..C|....~~......~~~~....|..,.............*...|WWWWWWWWWWWWWWWWWWWW|....~~......~~~~....|WWWWWWWWWWWWWWWWWWWW|....~~......~~~~....|WWWWWWWWWWWWWWWWWWWW|....~~......~~~~....|WWWWWWWWWWWWWWWWWWWW|WWWWWWWWWWWWWWWWWWWW|WWWWWWWWWWWWWWWWWWWW|.....*............CC
CC..................|WWWWWWWWWWWWWWWWWWWW|.............~~.....|C........==........C|.............~~.....|....................|WWWWWWWWWWWWWWWWWWWW|.............~~.....|WWWWWWWWWWWWWWWWWWWW|.............~~.....|WWWWWWWWWWWWWWWWWWWW|.............~~.....|WWWWWWWWWWWWWWWWWWWW|WWWWWWWWWWWWWWWWWWWW|WWWWWWWWWWWWWWWWWWWW|..................CC
CC..................|WWWWWWWWWWWWWWWWWWWW|....................|.........==.........|....................|.........,..........|WWWWWWWWWWWWWWWWWWWW|....................|WWWWWWWWWWWWWWWWWWWW|....................|WWWWWWWWWWWWWWWWWWWW|....................|WWWWWWWWWWWWWWWWWWWW|WWWWWWWWWWWWWWWWWWWW|WWWWWWWWWWWWWWWWWWWW|..................CC
WWWWWWWWWWWWWWWWWWWW|WWWWWWWWWWWWWWWWWWWW|WWWWWWWWWWWWWWWWWWWW|WWWWWWWWWWWWWWWWWWWW|WWWWWWWWWWWWWWWWWWWW|WWWWWWWWWWWWWWWWWWWW|WWWWWWWWWWWWWWWWWWWW|WWWWWWWWWWWWWWWWWWWW|WWWWWWWWWWWWWWWWWWWW|WWWWWWWWWWWWWWWWWWWW|WWWWWWWWWWWWWWWWWWWW|WWWWWWWWWWWWWWWWWWWW|WWWWWWWWWWWWWWWWWWWW|WWWWWWWWWWWWWWWWWWWW|WWWWWWWWWWWWWWWWWWWW|WWWWWWWWWWWWWWWWWWWW
WWWWWWWWWWWWWWWWWWWW|WWWWWWWWWWWWWWWWWWWW|WWWWWWWWWWWWWWWWWWWW|WWWWWWWWWWWWWWWWWWWW|WWWWWWWWWWWWWWWWWWWW|WWWWWWWWWWWWWWWWWWWW|WWWWWWWWWWWWWWWWWWWW|WWWWWWWWWWWWWWWWWWWW|WWWWWWWWWWWWWWWWWWWW|WWWWWWWWWWWWWWWWWWWW|WWWWWWWWWWWWWWWWWWWW|WWWWWWWWWWWWWWWWWWWW|WWWWWWWWWWWWWWWWWWWW|WWWWWWWWWWWWWWWWWWWW|WWWWWWWWWWWWWWWWWWWW|WWWWWWWWWWWWWWWWWWWW
WWWWWWWWWWWWWWWWWWWW|WWWWWWWWWWWWWWWWWWWW|WWWWWWWWWWWWWWWWWWWW|WWWWWWWWWWWWWWWWWWWW|WWWWWWWWWWWWWWWWWWWW|WWWWWWWWWWWWWWWWWWWW|WWWWWWWWWWWWWWWWWWWW|WWWWWWWWWWWWWWWWWWWW|WWWWWWWWWWWWWWWWWWWW|WWWWWWWWWWWWWWWWWWWW|WWWWWWWWWWWWWWWWWWWW|WWWWWWWWWWWWWWWWWWWW|WWWWWWWWWWWWWWWWWWWW|WWWWWWWWWWWWWWWWWWWW|WWWWWWWWWWWWWWWWWWWW|WWWWWWWWWWWWWWWWWWWW
WWWWWWWWWWWWWWWWWWWW|WWWWWWWWWWWWWWWWWWWW|WWWWWWWWWWWWWWWWWWWW|WWWWWWWWWWWWWWWWWWWW|WWWWWWWWWWWWWWWWWWWW|WWWWWWWWWWWWWWWWWWWW|WWWWWWWWWWWWWWWWWWWW|WWWWWWWWWWWWWWWWWWWW|WWWWWWWWWWWWWWWWWWWW|WWWWWWWWWWWWWWWWWWWW|WWWWWWWWWWWWWWWWWWWW|WWWWWWWWWWWWWWWWWWWW|WWWWWWWWWWWWWWWWWWWW|WWWWWWWWWWWWWWWWWWWW|WWWWWWWWWWWWWWWWWWWW|WWWWWWWWWWWWWWWWWWWW
WWWWWWWWWWWWWWWWWWWW|WWWWWWWWWWWWWWWWWWWW|WWWWWWWWWWWWWWWWWWWW|WWWWWWWWWWWWWWWWWWWW|WWWWWWWWWWWWWWWWWWWW|WWWWWWWWWWWWWWWWWWWW|WWWWWWWWWWWWWWWWWWWW|WWWWWWWWWWWWWWWWWWWW|WWWWWWWWWWWWWWWWWWWW|WWWWWWWWWWWWWWWWWWWW|WWWWWWWWWWWWWWWWWWWW|WWWWWWWWWWWWWWWWWWWW|WWWWWWWWWWWWWWWWWWWW|WWWWWWWWWWWWWWWWWWWW|WWWWWWWWWWWWWWWWWWWW|WWWWWWWWWWWWWWWWWWWW
WWWWWWWWWWWWWWWWWWWW|WWWWWWWWWWWWWWWWWWWW|WWWWWWWWWWWWWWWWWWWW|WWWWWWWWWWWWWWWWWWWW|WWWWWWWWWWWWWWWWWWWW|WWWWWWWWWWWWWWWWWWWW|WWWWWWWWWWWWWWWWWWWW|WWWWWWWWWWWWWWWWWWWW|WWWWWWWWWWWWWWWWWWWW|WWWWWWWWWWWWWWWWWWWW|WWWWWWWWWWWWWWWWWWWW|WWWWWWWWWWWWWWWWWWWW|WWWWWWWWWWWWWWWWWWWW|WWWWWWWWWWWWWWWWWWWW|WWWWWWWWWWWWWWWWWWWW|WWWWWWWWWWWWWWWWWWWW
WWWWWWWWWWWWWWWWWWWW|WWWWWWWWWWWWWWWWWWWW|WWWWWWWWWWWWWWWWWWWW|WWWWWWWWWWWWWWWWWWWW|WWWWWWWWWWWWWWWWWWWW|WWWWWWWWWWWWWWWWWWWW|WWWWWWWWWWWWWWWWWWWW|WWWWWWWWWWWWWWWWWWWW|WWWWWWWWWWWWWWWWWWWW|WWWWWWWWWWWWWWWWWWWW|WWWWWWWWWWWWWWWWWWWW|WWWWWWWWWWWWWWWWWWWW|WWWWWWWWWWWWWWWWWWWW|WWWWWWWWWWWWWWWWWWWW|WWWWWWWWWWWWWWWWWWWW|WWWWWWWWWWWWWWWWWWWW
WWWWWWWWWWWWWWWWWWWW|WWWWWWWWWWWWWWWWWWWW|WWWWWWWWWWWWWWWWWWWW|WWWWWWWWWWWWWWWWWWWW|WWWWWWWWWWWWWWWWWWWW|WWWWWWWWWWWWWWWWWWWW|WWWWWWWWWWWWWWWWWWWW|WWWWWWWWWWWWWWWWWWWW|WWWWWWWWWWWWWWWWWWWW|WWWWWWWWWWWWWWWWWWWW|WWWWWWWWWWWWWWWWWWWW|WWWWWWWWWWWWWWWWWWWW|WWWWWWWWWWWWWWWWWWWW|WWWWWWWWWWWWWWWWWWWW|WWWWWWWWWWWWWWWWWWWW|WWWWWWWWWWWWWWWWWWWW
WWWWWWWWWWWWWWWWWWWW|WWWWWWWWWWWWWWWWWWWW|WWWWWWWWWWWWWWWWWWWW|WWWWWWWWWWWWWWWWWWWW|WWWWWWWWWWWWWWWWWWWW|WWWWWWWWWWWWWWWWWWWW|WWWWWWWWWWWWWWWWWWWW|WWWWWWWWWWWWWWWWWWWW|WWWWWWWWWWWWWWWWWWWW|WWWWWWWWWWWWWWWWWWWW|WWWWWWWWWWWWWWWWWWWW|WWWWWWWWWWWWWWWWWWWW|WWWWWWWWWWWWWWWWWWWW|WWWWWWWWWWWWWWWWWWWW|WWWWWWWWWWWWWWWWWWWW|WWWWWWWWWWWWWWWWWWWW
WWWWWWWWWWWWWWWWWWWW|WWWWWWWWWWWWWWWWWWWW|WWWWWWWWWWWWWWWWWWWW|WWWWWWWWWWWWWWWWWWWW|WWWWWWWWWWWWWWWWWWWW|WWWWWWWWWWWWWWWWWWWW|WWWWWWWWWWWWWWWWWWWW|WWWWWWWWWWWWWWWWWWWW|WWWWWWWWWWWWWWWWWWWW|WWWWWWWWWWWWWWWWWWWW|WWWWWWWWWWWWWWWWWWWW|WWWWWWWWWWWWWWWWWWWW|WWWWWWWWWWWWWWWWWWWW|WWWWWWWWWWWWWWWWWWWW|WWWWWWWWWWWWWWWWWWWW|WWWWWWWWWWWWWWWWWWWW
WWWWWWWWWWWWWWWWWWWW|WWWWWWWWWWWWWWWWWWWW|WWWWWWWWWWWWWWWWWWWW|WWWWWWWWWWWWWWWWWWWW|WWWWWWWWWWWWWWWWWWWW|WWWWWWWWWWWWWWWWWWWW|WWWWWWWWWWWWWWWWWWWW|WWWWWWWWWWWWWWWWWWWW|WWWWWWWWWWWWWWWWWWWW|WWWWWWWWWWWWWWWWWWWW|WWWWWWWWWWWWWWWWWWWW|WWWWWWWWWWWWWWWWWWWW|WWWWWWWWWWWWWWWWWWWW|WWWWWWWWWWWWWWWWWWWW|WWWWWWWWWWWWWWWWWWWW|WWWWWWWWWWWWWWWWWWWW
WWWWWWWWWWWWWWWWWWWW|WWWWWWWWWWWWWWWWWWWW|WWWWWWWWWWWWWWWWWWWW|WWWWWWWWWWWWWWWWWWWW|WWWWWWWWWWWWWWWWWWWW|WWWWWWWWWWWWWWWWWWWW|WWWWWWWWWWWWWWWWWWWW|WWWWWWWWWWWWWWWWWWWW|WWWWWWWWWWWWWWWWWWWW|WWWWWWWWWWWWWWWWWWWW|WWWWWWWWWWWWWWWWWWWW|WWWWWWWWWWWWWWWWWWWW|WWWWWWWWWWWWWWWWWWWW|WWWWWWWWWWWWWWWWWWWW|WWWWWWWWWWWWWWWWWWWW|WWWWWWWWWWWWWWWWWWWW
WWWWWWWWWWWWWWWWWWWW|WWWWWWWWWWWWWWWWWWWW|WWWWWWWWWWWWWWWWWWWW|WWWWWWWWWWWWWWWWWWWW|WWWWWWWWWWWWWWWWWWWW|WWWWWWWWWWWWWWWWWWWW|WWWWWWWWWWWWWWWWWWWW|WWWWWWWWWWWWWWWWWWWW|WWWWWWWWWWWWWWWWWWWW|WWWWWWWWWWWWWWWWWWWW|WWWWWWWWWWWWWWWWWWWW|WWWWWWWWWWWWWWWWWWWW|WWWWWWWWWWWWWWWWWWWW|WWWWWWWWWWWWWWWWWWWW|WWWWWWWWWWWWWWWWWWWW|WWWWWWWWWWWWWWWWWWWW
