# tarnhollow/f1: 4 x 3 screens, laid out
# by tools/build_maps.py from layout_f1.txt and blocks.txt.
# '|' separates screens and is stripped on load.
TTTTTTTTTTTTTTTTTTTT|TTTTTTTTTTTTTTTTTTTT|TTTTTTTTTTTTTTTTTTTT|TTTTTTTTTTTTTTTTTTTT
M..................M|M.RR.....RR.....RR.M|M..o.o.o....o.o.o..M|M.Y.............Y..M
M..P..........P....M|M.RR.....RR.....RR.M|M..................M|M..................M
M..................M|M..................M|M..................M|M..................M
M..................M|M..................M|M..................M|M..................M
M..................M|M....RRR....RRR....M|M..................M|M..................M
M...................|.....RRR....RRR.....|....................|...................M
M...................|....................|....................|...................M
M..................M|M..................M|M..................M|M..................M
M..P..........P....M|M.RR.....RR.....RR.M|M..................M|M..................M
M..................M|M.RR.....RR.....RR.M|M..o.o.o....o.o.o..M|M..................M
M..................M|M..................M|M..................M|M.Y.............Y..M
MMMMMMMMM..MMMMMMMMM|MMMMMMMMM..MMMMMMMMM|MMMMMMMMM..MMMMMMMMM|MMMMMMMMM..MMMMMMMMM
TTTTTTTTT..TTTTTTTTT|TTTTTTTTT..TTTTTTTTT|TTTTTTTTT..TTTTTTTTT|TTTTTTTTT..TTTTTTTTT
M..................M|M..................M|M..................M|M.Y.............Y..M
M..wwwww..wwwww....M|M..~~~~~~~~~~~~~...M|M..,,,,,,,,,,,,,...M|M..................M
M..w...w..w...w....M|M..~............~..M|M..,............,..M|M..................M
M..w...w..w...w....M|M..~............~..M|M..,............,..M|M..................M
M..w...w..w...w....M|M..~............~..M|M..,............,..M|M..................M
M..w...w..w...w....M|M...............~...|...,............,...|...................M
M..w...w..w...w....M|M...............~...|...,............,...|...................M
M..wwwww..wwwww....M|M..~............~..M|M..,............,..M|M..................M
M..................M|M..~~~~~~~~~~~~~~..M|M..,,,,,,,,,,,,,,..M|M..................M
M..................M|M..................M|M..................M|M..................M
M..................M|M..................M|M..................M|M.Y.............Y..M
MMMMMMMMM..MMMMMMMMM|MMMMMMMMM..MMMMMMMMM|MMMMMMMMM..MMMMMMMMM|MMMMMMMMMMMMMMMMMMMM
TTTTTTTTT..TTTTTTTTT|TTTTTTTTT..TTTTTTTTT|TTTTTTTTT..TTTTTTTTT|TTTTTTTTTTTTTTTTTTTT
M..................M|M..................M|M..................M|M.RR.....RR.....RR.M
M...p.........p....M|M..................M|M..P..........P....M|M.RR.....RR.....RR.M
M..................M|M..................M|M..................M|M..................M
M..................M|M....000000........M|M..................M|M..................M
M..................M|M....000000........M|M..................M|M....RRR....RRR....M
M...................|.....000000.........|....................|.....RRR....RRR....M
M...................|.....000000.........|....................|...................M
M..................M|M....000000........M|M..................M|M..................M
M...p.........p....M|M..................M|M..P..........P....M|M.RR.....RR.....RR.M
M..................M|M..................M|M..................M|M.RR.....RR.....RR.M
M..................M|M..................M|M..................M|M..................M
MMMMMMMMMMMMMMMMMMMM|MMMMMMMMMMMMMMMMMMMM|MMMMMMMMMMMMMMMMMMMM|MMMMMMMMMMMMMMMMMMMM
