# temple8/f1: 6 x 6 screens, laid out
# by tools/build_maps.py from layout_f1.txt and blocks.txt.
# '|' separates screens and is stripped on load.
TTTTTTTTTTTTTTTTTTTT|TTTTTTTTTTTTTTTTTTTT|TTTTTTTTTTTTTTTTTTTT|TTTTTTTTTTTTTTTTTTTT|TTTTTTTTTTTTTTTTTTTT|TTTTTTTTTTTTTTTTTTTT
M.Y.............Y..M|M.Y.............Y..M|M..o.o.o....o.o.o..M|M..................M|M.RR.....RR.....RR.M|M..000.......000...M
M..................M|M..................M|M..................M|M..,,,,,,,,,,,,,...M|M.RR.....RR.....RR.M|M..000.......000...M
M..................M|M..................M|M..................M|M..,............,..M|M..................M|M..................M
M..................M|M..................M|M..................M|M..,............,..M|M..................M|M..................M
M..................M|M..................M|M..................M|M..,............,..M|M....RRR....RRR....M|M..................M
M..................M|M...................|....................|...,............,..M|M....RRR....RRR.....|...................M
M..................M|M...................|....................|...,............,..M|M...................|...................M
M..................M|M..................M|M..................M|M..,............,..M|M..................M|M..................M
M..................M|M..................M|M..................M|M..,,,,,,,,,,,,,,..M|M.RR.....RR.....RR.M|M..000.......000...M
M..................M|M..................M|M..o.o.o....o.o.o..M|M..................M|M.RR.....RR.....RR.M|M..000.......000...M
M.Y.............Y..M|M.Y.............Y..M|M..................M|M..................M|M..................M|M..................M
MMMMMMMMM..MMMMMMMMM|MMMMMMMMMMMMMMMMMMMM|MMMMMMMMM..MMMMMMMMM|MMMMMMMMM..MMMMMMMMM|MMMMMMMMM..MMMMMMMMM|MMMMMMMMMMMMMMMMMMMM
TTTTTTTTT..TTTTTTTTT|TTTTTTTTTTTTTTTTTTTT|TTTTTTTTT..TTTTTTTTT|TTTTTTTTT..TTTTTTTTT|TTTTTTTTT..TTTTTTTTT|TTTTTTTTTTTTTTTTTTTT
M..................M|M..................M|M..................M|M..................M|M..................M|M.Y.............Y..M
M..................M|M..~~~~~~~~~~~~~...M|M..wwwww..wwwww....M|M..,,,,,,,,,,,,,...M|M..P..........P....M|M..................M
M..................M|M..~............~..M|M..w...w..w...w....M|M..,............,..M|M..................M|M..................M
M....000000........M|M..~............~..M|M..w...w..w...w....M|M..,............,..M|M..................M|M..................M
M....000000........M|M..~............~..M|M..w...w..w...w....M|M..,............,..M|M..................M|M..................M
M....000000.........|................~...|...w...w..w...w....M|M..,............,...|....................|...................M
M....000000.........|................~...|...w...w..w...w....M|M..,............,...|....................|...................M
M....000000........M|M..~............~..M|M..wwwww..wwwww....M|M..,............,..M|M..................M|M..................M
M..................M|M..~~~~~~~~~~~~~~..M|M..................M|M..,,,,,,,,,,,,,,..M|M..P..........P....M|M..................M
M..................M|M..................M|M..................M|M..................M|M..................M|M..................M
M..................M|M..................M|M..................M|M..................M|M..................M|M.Y.............Y..M
MMMMMMMMM..MMMMMMMMM|MMMMMMMMM..MMMMMMMMM|MMMMMMMMMMMMMMMMMMMM|MMMMMMMMM..MMMMMMMMM|MMMMMMMMMMMMMMMMMMMM|MMMMMMMMM..MMMMMMMMM
TTTTTTTTT..TTTTTTTTT|TTTTTTTTT..TTTTTTTTT|TTTTTTTTTTTTTTTTTTTT|TTTTTTTTT..TTTTTTTTT|TTTTTTTTTTTTTTTTTTTT|TTTTTTTTT..TTTTTTTTT
M..o.o.o....o.o.o..M|M..................M|M.RR.....RR.....RR.M|M..................M|M..................M|M..................M
M..................M|M..,,,,,,,,,,,,,...M|M.RR.....RR.....RR.M|M..,,,,,,,,,,,,,...M|M..................M|M..~~~~~~~~~~~~~...M
M..................M|M..,............,..M|M..................M|M..,............,..M|M..................M|M..~............~..M
M..................M|M..,............,..M|M..................M|M..,............,..M|M....000000........M|M..~............~..M
M..................M|M..,............,..M|M....RRR....RRR....M|M..,............,..M|M....000000........M|M..~............~..M
M...................|...,............,...|.....RRR....RRR.....|...,............,...|.....000000.........|................~..M
M...................|...,............,...|....................|...,............,...|.....000000.........|................~..M
M..................M|M..,............,..M|M..................M|M..,............,..M|M....000000........M|M..~............~..M
M..................M|M..,,,,,,,,,,,,,,..M|M.RR.....RR.....RR.M|M..,,,,,,,,,,,,,,..M|M..................M|M..~~~~~~~~~~~~~~..M
M..o.o.o....o.o.o..M|M..................M|M.RR.....RR.....RR.M|M..................M|M..................M|M..................M
M..................M|M..................M|M..................M|M..................M|M..................M|M..................M
MMMMMMMMMMMMMMMMMMMM|MMMMMMMMM..MMMMMMMMM|MMMMMMMMM..MMMMMMMMM|MMMMMMMMM..MMMMMMMMM|MMMMMMMMM..MMMMMMMMM|MMMMMMMMMMMMMMMMMMMM
TTTTTTTTTTTTTTTTTTTT|TTTTTTTTT..TTTTTTTTT|TTTTTTTTT..TTTTTTTTT|TTTTTTTTT..TTTTTTTTT|TTTTTTTTT..TTTTTTTTT|TTTTTTTTTTTTTTTTTTTT
M..................M|M..................M|M..................M|M.Y.............Y..M|M..o.o.o....o.o.o..M|M..................M
M..P..........P....M|M...p.........p....M|M..P..........P....M|M..................M|M..................M|M..,,,,,,,,,,,,,...M
M..................M|M..................M|M..................M|M..................M|M..................M|M..,............,..M
M..................M|M..................M|M..................M|M..................M|M..................M|M..,............,..M
M..................M|M..................M|M..................M|M..................M|M..................M|M..,............,..M
M..................M|M...................|....................|....................|....................|...,............,..M
M..................M|M...................|....................|....................|....................|...,............,..M
M..................M|M..................M|M..................M|M..................M|M..................M|M..,............,..M
M..P..........P....M|M...p.........p....M|M..P..........P....M|M..................M|M..................M|M..,,,,,,,,,,,,,,..M
M..................M|M..................M|M..................M|M..................M|M..o.o.o....o.o.o..M|M..................M
M..................M|M..................M|M..................M|M.Y.............Y..M|M..................M|M..................M
MMMMMMMMM..MMMMMMMMM|MMMMMMMMM..MMMMMMMMM|MMMMMMMMMMMMMMMMMMMM|MMMMMMMMM..MMMMMMMMM|MMMMMMMMM..MMMMMMMMM|MMMMMMMMM..MMMMMMMMM
TTTTTTTTT..TTTTTTTTT|TTTTTTTTT..TTTTTTTTT|TTTTTTTTTTTTTTTTTTTT|TTTTTTTTT..TTTTTTTTT|TTTTTTTTT..TTTTTTTTT|TTTTTTTTT..TTTTTTTTT
M.RR.....RR.....RR.M|M..000.......000...M|M..................M|M..................M|M..................M|M..................M
M.RR.....RR.....RR.M|M..000.......000...M|M..................M|M..~~~~~~~~~~~~~...M|M..wwwww..wwwww....M|M...p.........p....M
M..................M|M..................M|M..................M|M..~............~..M|M..w...w..w...w....M|M..................M
M..................M|M..................M|M....000000........M|M..~............~..M|M..w...w..w...w....M|M..................M
M....RRR....RRR....M|M..................M|M....000000........M|M..~............~..M|M..w...w..w...w....M|M..................M
M....RRR....RRR.....|....................|.....000000........M|M...............~...|...w...w..w...w.....|...................M
M...................|....................|.....000000........M|M...............~...|...w...w..w...w.....|...................M
M..................M|M..................M|M....000000........M|M..~............~..M|M..wwwww..wwwww....M|M..................M
M.RR.....RR.....RR.M|M..000.......000...M|M..................M|M..~~~~~~~~~~~~~~..M|M..................M|M...p.........p....M
M.RR.....RR.....RR.M|M..000.......000...M|M..................M|M..................M|M..................M|M..................M
M..................M|M..................M|M..................M|M..................M|M..................M|M..................M
MMMMMMMMM..MMMMMMMMM|MMMMMMMMMMMMMMMMMMMM|MMMMMMMMM..MMMMMMMMM|MMMMMMMMM..MMMMMMMMM|MMMMMMMMM..MMMMMMMMM|MMMMMMMMM..MMMMMMMMM
TTTTTTTTT..TTTTTTTTT|TTTTTTTTTTTTTTTTTTTT|TTTTTTTTT..TTTTTTTTT|TTTTTTTTT..TTTTTTTTT|TTTTTTTTT..TTTTTTTTT|TTTTTTTTT..TTTTTTTTT
M..................M|M.Y.............Y..M|M.Y.............Y..M|M..................M|M.RR.....RR.....RR.M|M..000.......000...M
M..P..........P....M|M..................M|M..................M|M..,,,,,,,,,,,,,...M|M.RR.....RR.....RR.M|M..000.......000...M
M..................M|M..................M|M..................M|M..,............,..M|M..................M|M..................M
M..................M|M..................M|M..................M|M..,............,..M|M..................M|M..................M
M..................M|M..................M|M..................M|M..,............,..M|M....RRR....RRR....M|M..................M
M..................M|M...................|....................|...,............,...|.....RRR....RRR....M|M..................M
M..................M|M...................|....................|...,............,...|...................M|M..................M
M..................M|M..................M|M..................M|M..,............,..M|M..................M|M..................M
M..P..........P....M|M..................M|M..................M|M..,,,,,,,,,,,,,,..M|M.RR.....RR.....RR.M|M..000.......000...M
M..................M|M..................M|M..................M|M..................M|M.RR.....RR.....RR.M|M..000.......000...M
M..................M|M.Y.............Y..M|M.Y.............Y..M|M..................M|M..................M|M..................M
MMMMMMMMMMMMMMMMMMMM|MMMMMMMMMMMMMMMMMMMM|MMMMMMMMMMMMMMMMMMMM|MMMMMMMMMMMMMMMMMMMM|MMMMMMMMMMMMMMMMMMMM|MMMMMMMMMMMMMMMMMMMM
